Testing AlphaZero with Burn Framework
=====================================
🚀 GPU ACCELERATION ENABLED (Candle/CUDA)

GPU Device Info:
  Device ID: 0
  Backend: Candle/CUDA

Training Configuration:
  Iterations: 30
  Games per iteration: 25
  Epochs: 5
  Batch size: 32
  Learning rate: 0.001

Iteration 1: 150 examples
  Epoch 1: Loss = 3.0368
  Epoch 5: Loss = 2.1892
  Time: 7.40s
Iteration 2: 200 examples
  Epoch 1: Loss = 4.0593
  Epoch 5: Loss = 1.9748
  Time: 18.47s
Iteration 3: 175 examples
  Epoch 1: Loss = 2.2522
  Epoch 5: Loss = 1.3855
  Time: 13.57s
Iteration 4: 125 examples
  Epoch 1: Loss = 1.9880
  Epoch 5: Loss = 1.2163
  Time: 5.27s
Iteration 5: 125 examples
  Epoch 1: Loss = 1.0750
  Epoch 5: Loss = 0.6796
  Time: 6.62s
  Evaluating vs random player... Win rate: 57.0%
Iteration 6: 125 examples
  Epoch 1: Loss = 0.6126
  Epoch 5: Loss = 0.3845
  Time: 5.00s
Iteration 7: 125 examples
  Epoch 1: Loss = 0.3428
  Epoch 5: Loss = 0.2110
  Time: 5.06s
Iteration 8: 125 examples
  Epoch 1: Loss = 0.1879
  Epoch 5: Loss = 0.1208
  Time: 6.74s
Iteration 9: 125 examples
  Epoch 1: Loss = 0.1088
  Epoch 5: Loss = 0.0752
  Time: 4.91s
Iteration 10: 125 examples
  Epoch 1: Loss = 0.0691
  Epoch 5: Loss = 0.0509
  Time: 5.24s
  Evaluating vs random player... Win rate: 60.0%
Iteration 11: 125 examples
  Epoch 1: Loss = 0.0476
  Epoch 5: Loss = 0.0369
  Time: 6.81s
Iteration 12: 125 examples
  Epoch 1: Loss = 0.0347
  Epoch 5: Loss = 0.0281
  Time: 5.02s
Iteration 13: 125 examples
  Epoch 1: Loss = 0.0268
  Epoch 5: Loss = 0.0220
  Time: 5.09s
Iteration 14: 125 examples
  Epoch 1: Loss = 0.0211
  Epoch 5: Loss = 0.0178
  Time: 6.68s
Iteration 15: 125 examples
  Epoch 1: Loss = 0.0172
  Epoch 5: Loss = 0.0148
  Time: 4.81s
  Evaluating vs random player... Win rate: 65.0%
Iteration 16: 125 examples
  Epoch 1: Loss = 0.0143
  Epoch 5: Loss = 0.0125
  Time: 5.19s
Iteration 17: 125 examples
  Epoch 1: Loss = 0.0120
  Epoch 5: Loss = 0.0106
  Time: 6.62s
Iteration 18: 125 examples
  Epoch 1: Loss = 0.0102
  Epoch 5: Loss = 0.0090
  Time: 4.98s
Iteration 19: 125 examples
  Epoch 1: Loss = 0.0087
  Epoch 5: Loss = 0.0077
  Time: 5.10s
Iteration 20: 125 examples
  Epoch 1: Loss = 0.0075
  Epoch 5: Loss = 0.0067
  Time: 6.80s
  Evaluating vs random player... Win rate: 59.0%
Iteration 21: 125 examples
  Epoch 1: Loss = 0.0065
  Epoch 5: Loss = 0.0059
  Time: 5.06s
Iteration 22: 125 examples
  Epoch 1: Loss = 0.0057
  Epoch 5: Loss = 0.0052
  Time: 5.00s
Iteration 23: 125 examples
  Epoch 1: Loss = 0.0050
  Epoch 5: Loss = 0.0046
  Time: 6.58s
Iteration 24: 125 examples
  Epoch 1: Loss = 0.0045
  Epoch 5: Loss = 0.0041
  Time: 4.85s
Iteration 25: 125 examples
  Epoch 1: Loss = 0.0040
  Epoch 5: Loss = 0.0037
  Time: 5.11s
  Evaluating vs random player... Win rate: 63.5%
Iteration 26: 125 examples
  Epoch 1: Loss = 0.0036
  Epoch 5: Loss = 0.0034
  Time: 7.04s
Iteration 27: 125 examples
  Epoch 1: Loss = 0.0033
  Epoch 5: Loss = 0.0031
  Time: 5.23s
Iteration 28: 125 examples
  Epoch 1: Loss = 0.0030
  Epoch 5: Loss = 0.0028
  Time: 4.98s
Iteration 29: 125 examples
  Epoch 1: Loss = 0.0028
  Epoch 5: Loss = 0.0026
  Time: 6.65s
Iteration 30: 125 examples
  Epoch 1: Loss = 0.0026
  Epoch 5: Loss = 0.0024
  Time: 4.86s
  Evaluating vs random player... Win rate: 63.0%

Training completed in 191.35s
